******************************************************************************
                  MSP430 Linker PC v4.1.2                      
******************************************************************************
>> Linked Wed Mar 27 14:17:21 2013

OUTPUT FILE NAME:   <Launchpad SD card FS.out>
ENTRY POINT SYMBOL: "_c_int00"  address: 0000db1a


MEMORY CONFIGURATION

         name            origin    length      used     unused   attr    fill
----------------------  --------  ---------  --------  --------  ----  --------
  SFR                   00000000   00000010  00000000  00000010  RWIX
  PERIPHERALS_8BIT      00000010   000000f0  00000000  000000f0  RWIX
  PERIPHERALS_16BIT     00000100   00000100  00000000  00000100  RWIX
  RAM                   00000200   00000200  000000af  00000151  RWIX
  INFOD                 00001000   00000040  00000000  00000040  RWIX
  INFOC                 00001040   00000040  00000000  00000040  RWIX
  INFOB                 00001080   00000040  00000000  00000040  RWIX
  INFOA                 000010c0   00000040  00000000  00000040  RWIX
  FLASH                 0000c000   00003fe0  00001df6  000021ea  RWIX
  INT00                 0000ffe0   00000002  00000000  00000002  RWIX
  INT01                 0000ffe2   00000002  00000000  00000002  RWIX
  INT02                 0000ffe4   00000002  00000000  00000002  RWIX
  INT03                 0000ffe6   00000002  00000000  00000002  RWIX
  INT04                 0000ffe8   00000002  00000000  00000002  RWIX
  INT05                 0000ffea   00000002  00000000  00000002  RWIX
  INT06                 0000ffec   00000002  00000000  00000002  RWIX
  INT07                 0000ffee   00000002  00000000  00000002  RWIX
  INT08                 0000fff0   00000002  00000002  00000000  RWIX
  INT09                 0000fff2   00000002  00000002  00000000  RWIX
  INT10                 0000fff4   00000002  00000000  00000002  RWIX
  INT11                 0000fff6   00000002  00000000  00000002  RWIX
  INT12                 0000fff8   00000002  00000000  00000002  RWIX
  INT13                 0000fffa   00000002  00000000  00000002  RWIX
  INT14                 0000fffc   00000002  00000000  00000002  RWIX
  RESET                 0000fffe   00000002  00000002  00000000  RWIX


SECTION ALLOCATION MAP

 output                                  attributes/
section   page    origin      length       input sections
--------  ----  ----------  ----------   ----------------
.init_array 
*          0    0000c000    00000000     UNINITIALIZED

.bss       0    00000200    00000048     UNINITIALIZED
                  00000200    00000040     main.obj (.bss)
                  00000240    00000004     diskio.obj (.bss)
                  00000244    00000002     pff.obj (.bss)
                  00000246    00000002     softserial.obj (.bss)

.TI.noinit 
*          0    00000200    00000000     UNINITIALIZED

.data      0    00000248    00000017     
                  00000248    00000017     softserial.obj (.data)

.TI.persistent 
*          0    00000248    00000000     UNINITIALIZED

.stack     0    000003b0    00000050     UNINITIALIZED
                  000003b0    00000002     rts430_eabi.lib : boot.obj (.stack)
                  000003b2    0000004e     --HOLE--

.text      0    0000c000    00001c2c     
                  0000c000    0000026a     main.obj (.text:main)
                  0000c26a    00000246     pff.obj (.text:pf_mount)
                  0000c4b0    00000174     pff.obj (.text:get_fat)
                  0000c624    0000016e     pff.obj (.text:pf_write)
                  0000c792    00000168     diskio.obj (.text:disk_initialize)
                  0000c8fa    00000150     print.obj (.text:printf)
                  0000ca4a    00000124     pff.obj (.text:pf_read)
                  0000cb6e    00000100     print.obj (.text:printi)
                  0000cc6e    000000c8     pff.obj (.text:get_fileinfo)
                  0000cd36    000000c6     diskio.obj (.text:disk_writep)
                  0000cdfc    000000b2     pff.obj (.text:follow_path)
                  0000ceae    000000ae     pff.obj (.text:pf_open)
                  0000cf5c    000000a4     pff.obj (.text:dir_next)
                  0000d000    00000096     pff.obj (.text:check_fs)
                  0000d096    00000096     diskio.obj (.text:send_cmd)
                  0000d12c    00000094     diskio.obj (.text:disk_readp)
                  0000d1c0    00000092     pff.obj (.text:create_name)
                  0000d252    0000008a     pff.obj (.text:dir_read)
                  0000d2dc    00000084     rts430_eabi.lib : ltoa.obj (.text:ltoa)
                  0000d360    0000007a     pff.obj (.text:dir_find)
                  0000d3da    0000007a     pff.obj (.text:pf_opendir)
                  0000d454    00000074     softserial.obj (.text:SoftSerial_RX_ISR)
                  0000d4c8    00000074     print.obj (.text:prints)
                  0000d53c    00000072     pff.obj (.text:dir_rewind)
                  0000d5ae    00000070     pff.obj (.text:pf_readdir)
                  0000d61e    0000005e     rts430_eabi.lib : copy_decompress_rle.obj (.text:__TI_decompress_rle_core)
                  0000d67c    0000005e                     : autoinit.obj (.text:_auto_init)
                  0000d6da    0000005c                     : lsr32.obj (.text:l_lsr_const)
                  0000d736    0000005a     main.obj (.text:get_line)
                  0000d790    00000058     rts430_eabi.lib : div32u.obj (.text)
                  0000d7e8    00000052     main.obj (.text:put_dump)
                  0000d83a    0000004c     rts430_eabi.lib : lsr16.obj (.text)
                  0000d886    00000040     pff.obj (.text:clust2sect)
                  0000d8c6    00000040     rts430_eabi.lib : div32s.obj (.text)
                  0000d906    0000003e                     : lsl32.obj (.text:l_lsl_const)
                  0000d944    0000003e     main.obj (.text:put_rc)
                  0000d982    0000003a     softserial.obj (.text:SoftSerial_TX_ISR)
                  0000d9bc    00000030     spi.obj (.text:spi_initialize)
                  0000d9ec    0000002e     softserial.obj (.text:SoftSerial_xmit)
                  0000da1a    0000002c     rts430_eabi.lib : lsl16.obj (.text)
                  0000da46    00000028     softserial.obj (.text:SoftSerial_read)
                  0000da6e    00000028     main.obj (.text:setup)
                  0000da96    00000026     rts430_eabi.lib : mult32.obj (.text)
                  0000dabc    00000022     softserial.obj (.text:SoftSerial_init)
                  0000dade    00000020     rts430_eabi.lib : strcat.obj (.text:strcat)
                  0000dafe    0000001c     main.obj (.text:put_drc)
                  0000db1a    0000001a     rts430_eabi.lib : boot.obj (.text:_c_int00_noexit)
                  0000db34    00000016     spi.obj (.text:spi_receive)
                  0000db4a    00000016     spi.obj (.text:spi_send)
                  0000db60    00000014     rts430_eabi.lib : copy_zero_init.obj (.text:decompress:ZI:__TI_zero_init)
                  0000db74    00000014     pff.obj (.text:mem_cmp)
                  0000db88    00000014     rts430_eabi.lib : mult16.obj (.text)
                  0000db9c    00000014     spi.obj (.text:spi_set_divisor)
                  0000dbb0    00000012     rts430_eabi.lib : copy_decompress_none.obj (.text:decompress:none:__TI_decompress_none)
                  0000dbc2    00000012                     : memcpy.obj (.text:memcpy)
                  0000dbd4    00000012                     : strlen.obj (.text:strlen)
                  0000dbe6    00000010     pff.obj (.text:mem_set)
                  0000dbf6    00000010     rts430_eabi.lib : epilog.obj (.text)
                  0000dc06    0000000e     softserial.obj (.text:SoftSerial_empty)
                  0000dc14    0000000a     rts430_eabi.lib : abs.obj (.text:abs)
                  0000dc1e    00000006                     : copy_decompress_rle.obj (.text:decompress:rle24:__TI_decompress_rle24)
                  0000dc24    00000004                     : pre_init.obj (.text:_system_pre_init)
                  0000dc28    00000004                     : exit.obj (.text:abort)

.const     0    0000dc2c    000001ac     
                  0000dc2c    00000156     main.obj (.const:.string)
                  0000dd82    0000004d     main.obj (.const:.string:str$1)
                  0000ddcf    00000001     --HOLE-- [fill = 0]
                  0000ddd0    00000008     print.obj (.const:.string)

.cinit     0    0000ddd8    0000001e     
                  0000ddd8    0000000c     (.cinit..data.load) [load image, compression = rle]
                  0000dde4    00000006     (__TI_handler_table)
                  0000ddea    00000004     (.cinit..bss.load) [load image, compression = zero_init]
                  0000ddee    00000008     (__TI_cinit_table)

TIMER0_A1 
*          0    0000fff0    00000002     
                  0000fff0    00000002     softserial.obj (.int08)

TIMER0_A0 
*          0    0000fff2    00000002     
                  0000fff2    00000002     softserial.obj (.int09)

.reset     0    0000fffe    00000002     
                  0000fffe    00000002     rts430_eabi.lib : boot.obj (.reset)


LINKER GENERATED COPY TABLES

__TI_cinit_table @ 0000ddee records: 2, size/record: 4, table size: 8
	.data: load addr=0000ddd8, load size=0000000c bytes, run addr=00000248, run size=00000017 bytes, compression=rle
	.bss: load addr=0000ddea, load size=00000004 bytes, run addr=00000200, run size=00000048 bytes, compression=zero_init


LINKER GENERATED HANDLER TABLE

__TI_handler_table @ 0000dde4 records: 3, size/record: 2, table size: 6
	index: 0, handler: __TI_zero_init
	index: 1, handler: __TI_decompress_rle24
	index: 2, handler: __TI_decompress_none


GLOBAL SYMBOLS: SORTED ALPHABETICALLY BY Name 

address    name
--------   ----
0000004a   ADC10AE0
000001b0   ADC10CTL0
000001b2   ADC10CTL1
00000048   ADC10DTC0
00000049   ADC10DTC1
000001b4   ADC10MEM
000001bc   ADC10SA
00000057   BCSCTL1
00000058   BCSCTL2
00000053   BCSCTL3
0000dc28   C$$EXIT
00000059   CACTL1
0000005a   CACTL2
000010fb   CALBC1_12MHZ
000010f9   CALBC1_16MHZ
000010ff   CALBC1_1MHZ
000010fd   CALBC1_8MHZ
000010fa   CALDCO_12MHZ
000010f8   CALDCO_16MHZ
000010fe   CALDCO_1MHZ
000010fc   CALDCO_8MHZ
0000005b   CAPD
00000056   DCOCTL
00000128   FCTL1
0000012a   FCTL2
0000012c   FCTL3
00000000   IE1
00000001   IE2
00000002   IFG1
00000003   IFG2
00000200   Line
00000022   P1DIR
00000025   P1IE
00000024   P1IES
00000023   P1IFG
00000020   P1IN
00000021   P1OUT
00000027   P1REN
00000026   P1SEL
00000041   P1SEL2
0000002a   P2DIR
0000002d   P2IE
0000002c   P2IES
0000002b   P2IFG
00000028   P2IN
00000029   P2OUT
0000002f   P2REN
0000002e   P2SEL
00000042   P2SEL2
0000001a   P3DIR
00000018   P3IN
00000019   P3OUT
00000010   P3REN
0000001b   P3SEL
00000043   P3SEL2
0000d454   SoftSerial_RX_ISR
0000d982   SoftSerial_TX_ISR
0000dc06   SoftSerial_empty
0000dabc   SoftSerial_init
0000da46   SoftSerial_read
0000d9ec   SoftSerial_xmit
00000172   TA0CCR0
00000174   TA0CCR1
00000176   TA0CCR2
00000162   TA0CCTL0
00000164   TA0CCTL1
00000166   TA0CCTL2
00000160   TA0CTL
0000012e   TA0IV
00000170   TA0R
00000192   TA1CCR0
00000194   TA1CCR1
00000196   TA1CCR2
00000182   TA1CCTL0
00000184   TA1CCTL1
00000186   TA1CCTL2
00000180   TA1CTL
0000011e   TA1IV
00000190   TA1R
0000005d   UCA0ABCTL
00000062   UCA0BR0
00000063   UCA0BR1
00000060   UCA0CTL0
00000061   UCA0CTL1
0000005f   UCA0IRRCTL
0000005e   UCA0IRTCTL
00000064   UCA0MCTL
00000066   UCA0RXBUF
00000065   UCA0STAT
00000067   UCA0TXBUF
0000006a   UCB0BR0
0000006b   UCB0BR1
00000068   UCB0CTL0
00000069   UCB0CTL1
0000006c   UCB0I2CIE
00000118   UCB0I2COA
0000011a   UCB0I2CSA
0000006e   UCB0RXBUF
0000006d   UCB0STAT
0000006f   UCB0TXBUF
00000246   USARTTXBUF
00000120   WDTCTL
00000400   __STACK_END
00000050   __STACK_SIZE
0000ddee   __TI_CINIT_Base
0000ddf6   __TI_CINIT_Limit
0000dde4   __TI_Handler_Table_Base
0000ddea   __TI_Handler_Table_Limit
UNDEFED    __TI_INITARRAY_Base
UNDEFED    __TI_INITARRAY_Limit
00000001   __TI_args_main
0000dbb0   __TI_decompress_none
0000dc1e   __TI_decompress_rle24
00000001   __TI_exit
0000db60   __TI_zero_init
ffffffff   __binit__
ffffffff   __c_args__
0000d8c6   __mspabi_divli
0000d790   __mspabi_divul
0000dc02   __mspabi_func_epilog_1
0000dc00   __mspabi_func_epilog_2
0000dbfe   __mspabi_func_epilog_3
0000dbfc   __mspabi_func_epilog_4
0000dbfa   __mspabi_func_epilog_5
0000dbf8   __mspabi_func_epilog_6
0000dbf6   __mspabi_func_epilog_7
0000db88   __mspabi_mpyi
0000da96   __mspabi_mpyl
0000d8c6   __mspabi_remli
0000d790   __mspabi_remul
0000da1a   __mspabi_slli
0000da42   __mspabi_slli_1
0000da30   __mspabi_slli_10
0000da2e   __mspabi_slli_11
0000da2c   __mspabi_slli_12
0000da2a   __mspabi_slli_13
0000da28   __mspabi_slli_14
0000da26   __mspabi_slli_15
0000da40   __mspabi_slli_2
0000da3e   __mspabi_slli_3
0000da3c   __mspabi_slli_4
0000da3a   __mspabi_slli_5
0000da38   __mspabi_slli_6
0000da36   __mspabi_slli_7
0000da34   __mspabi_slli_8
0000da32   __mspabi_slli_9
0000d93e   __mspabi_slll_1
0000d91a   __mspabi_slll_10
0000d916   __mspabi_slll_11
0000d912   __mspabi_slll_12
0000d90e   __mspabi_slll_13
0000d90a   __mspabi_slll_14
0000d906   __mspabi_slll_15
0000d93a   __mspabi_slll_2
0000d936   __mspabi_slll_3
0000d932   __mspabi_slll_4
0000d92e   __mspabi_slll_5
0000d92a   __mspabi_slll_6
0000d926   __mspabi_slll_7
0000d922   __mspabi_slll_8
0000d91e   __mspabi_slll_9
0000d83a   __mspabi_srli
0000d880   __mspabi_srli_1
0000d85c   __mspabi_srli_10
0000d858   __mspabi_srli_11
0000d854   __mspabi_srli_12
0000d850   __mspabi_srli_13
0000d84c   __mspabi_srli_14
0000d848   __mspabi_srli_15
0000d87c   __mspabi_srli_2
0000d878   __mspabi_srli_3
0000d874   __mspabi_srli_4
0000d870   __mspabi_srli_5
0000d86c   __mspabi_srli_6
0000d868   __mspabi_srli_7
0000d864   __mspabi_srli_8
0000d860   __mspabi_srli_9
0000d72e   __mspabi_srll_1
0000d6f8   __mspabi_srll_10
0000d6f2   __mspabi_srll_11
0000d6ec   __mspabi_srll_12
0000d6e6   __mspabi_srll_13
0000d6e0   __mspabi_srll_14
0000d6da   __mspabi_srll_15
0000d728   __mspabi_srll_2
0000d722   __mspabi_srll_3
0000d71c   __mspabi_srll_4
0000d716   __mspabi_srll_5
0000d710   __mspabi_srll_6
0000d70a   __mspabi_srll_7
0000d704   __mspabi_srll_8
0000d6fe   __mspabi_srll_9
0000d67c   _auto_init
0000db1a   _c_int00
0000db1a   _c_int00_noexit
0000fffe   _reset_vector
000003b0   _stack
0000dc24   _system_pre_init
0000dc28   abort
0000dc14   abs
ffffffff   binit
0000c792   disk_initialize
0000d12c   disk_readp
0000cd36   disk_writep
0000d2dc   ltoa
0000c000   main
0000dbc2   memcpy
0000c26a   pf_mount
0000ceae   pf_open
0000d3da   pf_opendir
0000ca4a   pf_read
0000d5ae   pf_readdir
0000c624   pf_write
0000c8fa   printf
0000cb6e   printi
0000d4c8   prints
00000248   rx_buffer
0000da6e   setup
0000d9bc   spi_initialize
0000db34   spi_receive
0000db4a   spi_send
0000db9c   spi_set_divisor
0000dade   strcat
0000dbd4   strlen


GLOBAL SYMBOLS: SORTED BY Symbol Address 

address    name
--------   ----
00000000   IE1
00000001   IE2
00000001   __TI_args_main
00000001   __TI_exit
00000002   IFG1
00000003   IFG2
00000010   P3REN
00000018   P3IN
00000019   P3OUT
0000001a   P3DIR
0000001b   P3SEL
00000020   P1IN
00000021   P1OUT
00000022   P1DIR
00000023   P1IFG
00000024   P1IES
00000025   P1IE
00000026   P1SEL
00000027   P1REN
00000028   P2IN
00000029   P2OUT
0000002a   P2DIR
0000002b   P2IFG
0000002c   P2IES
0000002d   P2IE
0000002e   P2SEL
0000002f   P2REN
00000041   P1SEL2
00000042   P2SEL2
00000043   P3SEL2
00000048   ADC10DTC0
00000049   ADC10DTC1
0000004a   ADC10AE0
00000050   __STACK_SIZE
00000053   BCSCTL3
00000056   DCOCTL
00000057   BCSCTL1
00000058   BCSCTL2
00000059   CACTL1
0000005a   CACTL2
0000005b   CAPD
0000005d   UCA0ABCTL
0000005e   UCA0IRTCTL
0000005f   UCA0IRRCTL
00000060   UCA0CTL0
00000061   UCA0CTL1
00000062   UCA0BR0
00000063   UCA0BR1
00000064   UCA0MCTL
00000065   UCA0STAT
00000066   UCA0RXBUF
00000067   UCA0TXBUF
00000068   UCB0CTL0
00000069   UCB0CTL1
0000006a   UCB0BR0
0000006b   UCB0BR1
0000006c   UCB0I2CIE
0000006d   UCB0STAT
0000006e   UCB0RXBUF
0000006f   UCB0TXBUF
00000118   UCB0I2COA
0000011a   UCB0I2CSA
0000011e   TA1IV
00000120   WDTCTL
00000128   FCTL1
0000012a   FCTL2
0000012c   FCTL3
0000012e   TA0IV
00000160   TA0CTL
00000162   TA0CCTL0
00000164   TA0CCTL1
00000166   TA0CCTL2
00000170   TA0R
00000172   TA0CCR0
00000174   TA0CCR1
00000176   TA0CCR2
00000180   TA1CTL
00000182   TA1CCTL0
00000184   TA1CCTL1
00000186   TA1CCTL2
00000190   TA1R
00000192   TA1CCR0
00000194   TA1CCR1
00000196   TA1CCR2
000001b0   ADC10CTL0
000001b2   ADC10CTL1
000001b4   ADC10MEM
000001bc   ADC10SA
00000200   Line
00000246   USARTTXBUF
00000248   rx_buffer
000003b0   _stack
00000400   __STACK_END
000010f8   CALDCO_16MHZ
000010f9   CALBC1_16MHZ
000010fa   CALDCO_12MHZ
000010fb   CALBC1_12MHZ
000010fc   CALDCO_8MHZ
000010fd   CALBC1_8MHZ
000010fe   CALDCO_1MHZ
000010ff   CALBC1_1MHZ
0000c000   main
0000c26a   pf_mount
0000c624   pf_write
0000c792   disk_initialize
0000c8fa   printf
0000ca4a   pf_read
0000cb6e   printi
0000cd36   disk_writep
0000ceae   pf_open
0000d12c   disk_readp
0000d2dc   ltoa
0000d3da   pf_opendir
0000d454   SoftSerial_RX_ISR
0000d4c8   prints
0000d5ae   pf_readdir
0000d67c   _auto_init
0000d6da   __mspabi_srll_15
0000d6e0   __mspabi_srll_14
0000d6e6   __mspabi_srll_13
0000d6ec   __mspabi_srll_12
0000d6f2   __mspabi_srll_11
0000d6f8   __mspabi_srll_10
0000d6fe   __mspabi_srll_9
0000d704   __mspabi_srll_8
0000d70a   __mspabi_srll_7
0000d710   __mspabi_srll_6
0000d716   __mspabi_srll_5
0000d71c   __mspabi_srll_4
0000d722   __mspabi_srll_3
0000d728   __mspabi_srll_2
0000d72e   __mspabi_srll_1
0000d790   __mspabi_divul
0000d790   __mspabi_remul
0000d83a   __mspabi_srli
0000d848   __mspabi_srli_15
0000d84c   __mspabi_srli_14
0000d850   __mspabi_srli_13
0000d854   __mspabi_srli_12
0000d858   __mspabi_srli_11
0000d85c   __mspabi_srli_10
0000d860   __mspabi_srli_9
0000d864   __mspabi_srli_8
0000d868   __mspabi_srli_7
0000d86c   __mspabi_srli_6
0000d870   __mspabi_srli_5
0000d874   __mspabi_srli_4
0000d878   __mspabi_srli_3
0000d87c   __mspabi_srli_2
0000d880   __mspabi_srli_1
0000d8c6   __mspabi_divli
0000d8c6   __mspabi_remli
0000d906   __mspabi_slll_15
0000d90a   __mspabi_slll_14
0000d90e   __mspabi_slll_13
0000d912   __mspabi_slll_12
0000d916   __mspabi_slll_11
0000d91a   __mspabi_slll_10
0000d91e   __mspabi_slll_9
0000d922   __mspabi_slll_8
0000d926   __mspabi_slll_7
0000d92a   __mspabi_slll_6
0000d92e   __mspabi_slll_5
0000d932   __mspabi_slll_4
0000d936   __mspabi_slll_3
0000d93a   __mspabi_slll_2
0000d93e   __mspabi_slll_1
0000d982   SoftSerial_TX_ISR
0000d9bc   spi_initialize
0000d9ec   SoftSerial_xmit
0000da1a   __mspabi_slli
0000da26   __mspabi_slli_15
0000da28   __mspabi_slli_14
0000da2a   __mspabi_slli_13
0000da2c   __mspabi_slli_12
0000da2e   __mspabi_slli_11
0000da30   __mspabi_slli_10
0000da32   __mspabi_slli_9
0000da34   __mspabi_slli_8
0000da36   __mspabi_slli_7
0000da38   __mspabi_slli_6
0000da3a   __mspabi_slli_5
0000da3c   __mspabi_slli_4
0000da3e   __mspabi_slli_3
0000da40   __mspabi_slli_2
0000da42   __mspabi_slli_1
0000da46   SoftSerial_read
0000da6e   setup
0000da96   __mspabi_mpyl
0000dabc   SoftSerial_init
0000dade   strcat
0000db1a   _c_int00
0000db1a   _c_int00_noexit
0000db34   spi_receive
0000db4a   spi_send
0000db60   __TI_zero_init
0000db88   __mspabi_mpyi
0000db9c   spi_set_divisor
0000dbb0   __TI_decompress_none
0000dbc2   memcpy
0000dbd4   strlen
0000dbf6   __mspabi_func_epilog_7
0000dbf8   __mspabi_func_epilog_6
0000dbfa   __mspabi_func_epilog_5
0000dbfc   __mspabi_func_epilog_4
0000dbfe   __mspabi_func_epilog_3
0000dc00   __mspabi_func_epilog_2
0000dc02   __mspabi_func_epilog_1
0000dc06   SoftSerial_empty
0000dc14   abs
0000dc1e   __TI_decompress_rle24
0000dc24   _system_pre_init
0000dc28   C$$EXIT
0000dc28   abort
0000dde4   __TI_Handler_Table_Base
0000ddea   __TI_Handler_Table_Limit
0000ddee   __TI_CINIT_Base
0000ddf6   __TI_CINIT_Limit
0000fffe   _reset_vector
ffffffff   __binit__
ffffffff   __c_args__
ffffffff   binit
UNDEFED    __TI_INITARRAY_Base
UNDEFED    __TI_INITARRAY_Limit

[224 symbols]
